Copyright 1986-2022 Xilinx, Inc. All Rights Reserved. Copyright 2022-2025 Advanced Micro Devices, Inc. All Rights Reserved.
------------------------------------------------------------------------------------------------------------------------------------------------------------------------------
| Tool Version : Vivado v.2025.2 (win64) Build 6299465 Fri Nov 14 19:35:11 GMT 2025
| Date         : Sat Jun 27 15:02:56 2026
| Host         : Frank-Rizzo running 64-bit major release  (build 9200)
| Command      : report_bus_skew -warn_on_violation -file oled_arcade_top_bus_skew_routed.rpt -pb oled_arcade_top_bus_skew_routed.pb -rpx oled_arcade_top_bus_skew_routed.rpx
| Design       : oled_arcade_top
| Device       : 7a15t-cpg236
| Speed File   : -1  PRODUCTION 1.23 2018-06-13
| Design State : Routed
------------------------------------------------------------------------------------------------------------------------------------------------------------------------------

Bus Skew Report

No bus skew constraints

